=== SISTEMA DE LOGS INICIALIZADO EM 2026-05-19 13:24:42.664163 ===

[2026-05-19 13:24:42] Iniciando pesquisa pelo termo: 'Python'

[2026-05-19 13:29:45] Iniciando pesquisa pelo termo: 'Python'

[2026-05-19 13:30:08] Iniciando pesquisa pelo termo: 'Python'

[2026-05-19 13:38:48] Iniciando pesquisa pelo termo: 'Python'

[2026-05-19 14:20:21] Iniciando pesquisa pelo termo: 'Python'
[2026-05-19 14:20:31] Encontradas 0 vagas para o termo 'Python'.

[2026-05-19 14:20:32] Iniciando pesquisa pelo termo: 'Desenvolvedor FullStack'
[2026-05-19 14:20:40] Encontradas 0 vagas para o termo 'Desenvolvedor FullStack'.

[2026-05-19 14:23:40] Iniciando pesquisa pelo termo: 'Python'

[2026-05-19 14:24:25] Iniciando pesquisa pelo termo: 'Python'

[2026-05-19 14:24:38] Iniciando pesquisa pelo termo: 'Desenvolvedor FullStack'

[2026-05-19 14:26:14] Iniciando pesquisa pelo termo: 'Python'

[2026-05-19 14:26:36] Iniciando pesquisa pelo termo: 'Python'

[2026-05-19 14:27:03] Iniciando pesquisa pelo termo: 'Python'

[2026-05-19 14:27:16] Iniciando pesquisa pelo termo: 'Python'

[2026-05-19 14:27:25] Iniciando pesquisa pelo termo: 'Desenvolvedor FullStack'

[2026-05-19 15:46:22] Iniciando pesquisa pelo termo: 'Python'

[2026-05-19 15:47:18] Iniciando pesquisa pelo termo: 'Python'

[2026-05-21 10:14:32] Iniciando pesquisa pelo termo: 'Python'

[2026-05-21 10:14:35] Iniciando pesquisa pelo termo: 'Desenvolvedor FullStack'

[2026-05-21 21:30:18] Iniciando pesquisa pelo termo: 'Python'

[2026-05-21 21:30:19] Iniciando pesquisa pelo termo: 'Desenvolvedor FullStack'

[2026-05-21 22:24:36] Iniciando pesquisa pelo termo: 'Python'
